2025-09-15 15:58:26,462 - ERROR - __exit__:217 - Failed Processing Dormer after 10.61s: 'list' object has no attribute 'tolist'
Session: 20250915_155802
C:\Users\Luke\Pricelist Operater\src\logger.py
---

2025-09-15 15:58:26,463 - ERROR - _process_single_file_safe:342 - Error processing Dormer 2025.xlsx: 'list' object has no attribute 'tolist'
Session: 20250915_155802
C:\Users\Luke\Pricelist Operater\src\main.py
---

2025-09-15 15:58:26,913 - ERROR - __exit__:217 - Failed Processing Guhring after 0.45s: 'list' object has no attribute 'tolist'
Session: 20250915_155802
C:\Users\Luke\Pricelist Operater\src\logger.py
---

2025-09-15 15:58:26,914 - ERROR - _process_single_file_safe:342 - Error processing Guhring Price List 2025.xlsx: 'list' object has no attribute 'tolist'
Session: 20250915_155802
C:\Users\Luke\Pricelist Operater\src\main.py
---

2025-09-15 15:58:26,915 - ERROR - __exit__:217 - Failed Processing directory: C:\Users\Luke\AppData\Local\Temp\tmp7j1p4y8x after 11.06s: No files were successfully processed. Errors:
  - C:\Users\Luke\AppData\Local\Temp\tmp7j1p4y8x\Dormer 2025.xlsx: 'list' object has no attribute 'tolist'
  - C:\Users\Luke\AppData\Local\Temp\tmp7j1p4y8x\Guhring Price List 2025.xlsx: 'list' object has no attribute 'tolist'
Session: 20250915_155802
C:\Users\Luke\Pricelist Operater\src\logger.py
---

2025-09-15 15:58:26,916 - ERROR - upload_files:110 - Processing failed: No files were successfully processed. Errors:
  - C:\Users\Luke\AppData\Local\Temp\tmp7j1p4y8x\Dormer 2025.xlsx: 'list' object has no attribute 'tolist'
  - C:\Users\Luke\AppData\Local\Temp\tmp7j1p4y8x\Guhring Price List 2025.xlsx: 'list' object has no attribute 'tolist'
Session: 20250915_155802
C:\Users\Luke\Pricelist Operater\src\web_ui.py
---

