2025-09-08 14:53:52,217 - ERROR - __exit__:217 - Failed Processing Narex after 0.02s: list indices must be integers or slices, not str
Session: 20250908_145352
c:\Users\Luke\Pricelist Operater\src\logger.py
---

2025-09-08 14:53:52,218 - ERROR - _process_single_file_safe:343 - Error processing Narex 2025.csv: list indices must be integers or slices, not str
Session: 20250908_145352
c:\Users\Luke\Pricelist Operater\src\main.py
---

2025-09-08 14:53:52,243 - ERROR - __exit__:217 - Failed Processing Carbide End Mill after 0.02s: list indices must be integers or slices, not str
Session: 20250908_145352
c:\Users\Luke\Pricelist Operater\src\logger.py
---

2025-09-08 14:53:52,245 - ERROR - _process_single_file_safe:343 - Error processing Carbide End Mill Price List 2025.xls: list indices must be integers or slices, not str
Session: 20250908_145352
c:\Users\Luke\Pricelist Operater\src\main.py
---

2025-09-08 14:53:52,256 - ERROR - __exit__:217 - Failed Processing Whitelaw Combined Site Book Rm after 0.01s: list indices must be integers or slices, not str
Session: 20250908_145352
c:\Users\Luke\Pricelist Operater\src\logger.py
---

2025-09-08 14:53:52,256 - ERROR - _process_single_file_safe:343 - Error processing Whitelaw Combined Site Price Book  2025-RM.xls: list indices must be integers or slices, not str
Session: 20250908_145352
c:\Users\Luke\Pricelist Operater\src\main.py
---

2025-09-08 14:53:53,892 - ERROR - __exit__:217 - Failed Processing Tridon 003483 Whitelaw Tooling Supplies after 1.63s: list indices must be integers or slices, not str
Session: 20250908_145352
c:\Users\Luke\Pricelist Operater\src\logger.py
---

2025-09-08 14:53:53,892 - ERROR - _process_single_file_safe:343 - Error processing 2025 Tridon Price List - 003483 Whitelaw Tooling Supplies.xlsx: list indices must be integers or slices, not str
Session: 20250908_145352
c:\Users\Luke\Pricelist Operater\src\main.py
---

2025-09-08 14:53:53,943 - ERROR - __exit__:217 - Failed Processing Au Ind For Siapower after 0.05s: list indices must be integers or slices, not str
Session: 20250908_145352
c:\Users\Luke\Pricelist Operater\src\logger.py
---

2025-09-08 14:53:53,943 - ERROR - _process_single_file_safe:343 - Error processing AU Ind D 2024 price List for 1550 siapower.xlsx: list indices must be integers or slices, not str
Session: 20250908_145352
c:\Users\Luke\Pricelist Operater\src\main.py
---

2025-09-08 14:53:57,968 - ERROR - __exit__:217 - Failed Processing Dormer after 4.02s: list indices must be integers or slices, not str
Session: 20250908_145352
c:\Users\Luke\Pricelist Operater\src\logger.py
---

2025-09-08 14:53:57,968 - ERROR - _process_single_file_safe:343 - Error processing Dormer 2025.xlsx: list indices must be integers or slices, not str
Session: 20250908_145352
c:\Users\Luke\Pricelist Operater\src\main.py
---

2025-09-08 14:53:58,250 - ERROR - __exit__:217 - Failed Processing Excision after 0.28s: list indices must be integers or slices, not str
Session: 20250908_145352
c:\Users\Luke\Pricelist Operater\src\logger.py
---

2025-09-08 14:53:58,251 - ERROR - _process_single_file_safe:343 - Error processing Excision 2025.xlsx: list indices must be integers or slices, not str
Session: 20250908_145352
c:\Users\Luke\Pricelist Operater\src\main.py
---

2025-09-08 14:53:59,001 - ERROR - __exit__:217 - Failed Processing Excision Yg after 0.75s: list indices must be integers or slices, not str
Session: 20250908_145352
c:\Users\Luke\Pricelist Operater\src\logger.py
---

2025-09-08 14:53:59,001 - ERROR - _process_single_file_safe:343 - Error processing EXCISION YG-1 2025.xlsx: list indices must be integers or slices, not str
Session: 20250908_145352
c:\Users\Luke\Pricelist Operater\src\main.py
---

2025-09-08 14:53:59,541 - ERROR - __exit__:217 - Failed Processing Guhring Aus Stock Reseller after 0.54s: list indices must be integers or slices, not str
Session: 20250908_145352
c:\Users\Luke\Pricelist Operater\src\logger.py
---

2025-09-08 14:53:59,541 - ERROR - _process_single_file_safe:343 - Error processing Guhring AUS Stock List 2025 - Reseller.xlsx: list indices must be integers or slices, not str
Session: 20250908_145352
c:\Users\Luke\Pricelist Operater\src\main.py
---

2025-09-08 14:53:59,828 - ERROR - __exit__:217 - Failed Processing Mitutoyo May after 0.29s: list indices must be integers or slices, not str
Session: 20250908_145352
c:\Users\Luke\Pricelist Operater\src\logger.py
---

2025-09-08 14:53:59,829 - ERROR - _process_single_file_safe:343 - Error processing Mitutoyo updated Pricelist_1 May 2023.xlsx: list indices must be integers or slices, not str
Session: 20250908_145352
c:\Users\Luke\Pricelist Operater\src\main.py
---

2025-09-08 14:54:00,806 - ERROR - __exit__:217 - Failed Processing Norton after 0.98s: list indices must be integers or slices, not str
Session: 20250908_145352
c:\Users\Luke\Pricelist Operater\src\logger.py
---

2025-09-08 14:54:00,807 - ERROR - _process_single_file_safe:343 - Error processing Norton 2025.xlsx: list indices must be integers or slices, not str
Session: 20250908_145352
c:\Users\Luke\Pricelist Operater\src\main.py
---

2025-09-08 14:54:01,276 - ERROR - __exit__:217 - Failed Processing Master 01 Apr after 0.47s: list indices must be integers or slices, not str
Session: 20250908_145352
c:\Users\Luke\Pricelist Operater\src\logger.py
---

2025-09-08 14:54:01,276 - ERROR - _process_single_file_safe:343 - Error processing Price List - Master (01-Apr-2025).xlsx: list indices must be integers or slices, not str
Session: 20250908_145352
c:\Users\Luke\Pricelist Operater\src\main.py
---

2025-09-08 14:54:01,857 - ERROR - __exit__:217 - Failed Processing Pst Full Pricefile after 0.58s: list indices must be integers or slices, not str
Session: 20250908_145352
c:\Users\Luke\Pricelist Operater\src\logger.py
---

2025-09-08 14:54:01,858 - ERROR - _process_single_file_safe:343 - Error processing PST_full_ pricefile_2025.xlsx: list indices must be integers or slices, not str
Session: 20250908_145352
c:\Users\Luke\Pricelist Operater\src\main.py
---

2025-09-08 14:54:02,300 - ERROR - __exit__:217 - Failed Processing Whitelaw Bordo File Discount Structure 25 V12 after 0.44s: list indices must be integers or slices, not str
Session: 20250908_145352
c:\Users\Luke\Pricelist Operater\src\logger.py
---

2025-09-08 14:54:02,300 - ERROR - _process_single_file_safe:343 - Error processing Whitelaw Bordo Price File_Discount Structure 3-25 V1.2.xlsx: list indices must be integers or slices, not str
Session: 20250908_145352
c:\Users\Luke\Pricelist Operater\src\main.py
---

2025-09-08 14:54:02,526 - ERROR - __exit__:217 - Failed Processing Pointtech Wts after 0.23s: list indices must be integers or slices, not str
Session: 20250908_145352
c:\Users\Luke\Pricelist Operater\src\logger.py
---

2025-09-08 14:54:02,526 - ERROR - _process_single_file_safe:343 - Error processing POINTTECH_pricelist_WTS.pdf: list indices must be integers or slices, not str
Session: 20250908_145352
c:\Users\Luke\Pricelist Operater\src\main.py
---

2025-09-08 14:54:02,526 - ERROR - __exit__:217 - Failed Processing directory: supplier_data after 10.35s: No files were successfully processed. Errors:
  - supplier_data\Narex 2025.csv: list indices must be integers or slices, not str
  - supplier_data\Carbide End Mill Price List 2025.xls: list indices must be integers or slices, not str
  - supplier_data\Whitelaw Combined Site Price Book  2025-RM.xls: list indices must be integers or slices, not str
  - supplier_data\2025 Tridon Price List - 003483 Whitelaw Tooling Supplies.xlsx: list indices must be integers or slices, not str
  - supplier_data\AU Ind D 2024 price List for 1550 siapower.xlsx: list indices must be integers or slices, not str
  - supplier_data\Dormer 2025.xlsx: list indices must be integers or slices, not str
  - supplier_data\Excision 2025.xlsx: list indices must be integers or slices, not str
  - supplier_data\EXCISION YG-1 2025.xlsx: list indices must be integers or slices, not str
  - supplier_data\Guhring AUS Stock List 2025 - Reseller.xlsx: list indices must be integers or slices, not str
  - supplier_data\Mitutoyo updated Pricelist_1 May 2023.xlsx: list indices must be integers or slices, not str
  - supplier_data\Norton 2025.xlsx: list indices must be integers or slices, not str
  - supplier_data\Price List - Master (01-Apr-2025).xlsx: list indices must be integers or slices, not str
  - supplier_data\PST_full_ pricefile_2025.xlsx: list indices must be integers or slices, not str
  - supplier_data\Whitelaw Bordo Price File_Discount Structure 3-25 V1.2.xlsx: list indices must be integers or slices, not str
  - supplier_data\POINTTECH_pricelist_WTS.pdf: list indices must be integers or slices, not str
Session: 20250908_145352
c:\Users\Luke\Pricelist Operater\src\logger.py
---

