2025-09-19 10:01:55,313 - ERROR - __exit__:217 - Failed Processing Tridon 003483 Whitelaw Tooling Supplies after 1.19s: expected duration or datetime, got str
Session: 20250919_100153
c:\Users\Luke\Pricelist Operater\src\logger.py
---

2025-09-19 10:01:55,314 - ERROR - _process_single_file_safe:343 - Error processing 2025 Tridon Price List - 003483 Whitelaw Tooling Supplies.xlsx: expected duration or datetime, got str
Session: 20250919_100153
c:\Users\Luke\Pricelist Operater\src\main.py
---

2025-09-19 10:02:30,518 - ERROR - __exit__:217 - Failed Processing Whitelaw Bordo File Discount Structure 25 V12 after 7.65s: column 'group' is duplicate
Session: 20250919_100153
c:\Users\Luke\Pricelist Operater\src\logger.py
---

2025-09-19 10:02:30,520 - ERROR - _process_single_file_safe:343 - Error processing Whitelaw Bordo Price File_Discount Structure 3-25 V1.2.xlsx: column 'group' is duplicate
Session: 20250919_100153
c:\Users\Luke\Pricelist Operater\src\main.py
---

2025-09-19 10:02:30,872 - ERROR - __exit__:217 - Failed Processing Pointtech Wts after 0.35s: data does not match the number of columns
Session: 20250919_100153
c:\Users\Luke\Pricelist Operater\src\logger.py
---

2025-09-19 10:02:30,872 - ERROR - _process_single_file_safe:343 - Error processing POINTTECH_pricelist_WTS.pdf: data does not match the number of columns
Session: 20250919_100153
c:\Users\Luke\Pricelist Operater\src\main.py
---

